# name: test_authenticate
  <class 'dict'> {
    'value': 'session_id',
  }
---
# name: test_register
  <class 'dict'> {
    'value': 'session_id',
  }
---
